
======================================
Controle: 2026-07-27 19:14:56
======================================
✅ 200 /
✅ 200 /monitor.html
✅ 200 /goksites.html
✅ 200 /inkomsten.html
✅ 200 /gok-games-apps.html

======================================
Controle: 2026-07-27 19:15:56
======================================
✅ 200 /
✅ 200 /monitor.html
✅ 200 /goksites.html
✅ 200 /inkomsten.html
✅ 200 /gok-games-apps.html

======================================
Controle: 2026-07-27 19:16:56
======================================
✅ 200 /
✅ 200 /monitor.html
✅ 200 /goksites.html
✅ 200 /inkomsten.html
✅ 200 /gok-games-apps.html

======================================
Controle: 2026-07-27 19:17:56
======================================
✅ 200 /
✅ 200 /monitor.html
✅ 200 /goksites.html
✅ 200 /inkomsten.html
✅ 200 /gok-games-apps.html

======================================
Controle: 2026-07-27 19:18:57
======================================
✅ 200 /
✅ 200 /monitor.html
✅ 200 /goksites.html
✅ 200 /inkomsten.html
✅ 200 /gok-games-apps.html

======================================
Controle: 2026-07-27 19:19:57
======================================
✅ 200 /
✅ 200 /monitor.html
✅ 200 /goksites.html
✅ 200 /inkomsten.html
✅ 200 /gok-games-apps.html

======================================
Controle: 2026-07-27 19:20:58
======================================
✅ 200 /
✅ 200 /monitor.html
✅ 200 /goksites.html
✅ 200 /inkomsten.html
✅ 200 /gok-games-apps.html

======================================
Controle: 2026-07-27 19:21:58
======================================
✅ 200 /
✅ 200 /monitor.html
✅ 200 /goksites.html
✅ 200 /inkomsten.html
✅ 200 /gok-games-apps.html

======================================
Controle: 2026-07-27 19:22:58
======================================
✅ 200 /
✅ 200 /monitor.html
✅ 200 /goksites.html
✅ 200 /inkomsten.html
✅ 200 /gok-games-apps.html

======================================
Controle: 2026-07-27 19:23:58
======================================
✅ 200 /
✅ 200 /monitor.html
✅ 200 /goksites.html
✅ 200 /inkomsten.html
✅ 200 /gok-games-apps.html

======================================
Controle: 2026-07-27 19:24:59
======================================
✅ 200 /
✅ 200 /monitor.html
✅ 200 /goksites.html
✅ 200 /inkomsten.html
✅ 200 /gok-games-apps.html

======================================
Controle: 2026-07-27 19:25:59
======================================
✅ 200 /
✅ 200 /monitor.html
✅ 200 /goksites.html
✅ 200 /inkomsten.html
✅ 200 /gok-games-apps.html

======================================
Controle: 2026-07-27 19:26:59
======================================
✅ 200 /
✅ 200 /monitor.html
✅ 200 /goksites.html
✅ 200 /inkomsten.html
✅ 200 /gok-games-apps.html

======================================
Controle: 2026-07-27 19:28:00
======================================
✅ 200 /
✅ 200 /monitor.html
✅ 200 /goksites.html
✅ 200 /inkomsten.html
✅ 200 /gok-games-apps.html

======================================
Controle: 2026-07-27 19:29:00
======================================
✅ 200 /
✅ 200 /monitor.html
✅ 200 /goksites.html
✅ 200 /inkomsten.html
✅ 200 /gok-games-apps.html

======================================
Controle: 2026-07-27 19:30:00
======================================
✅ 200 /
✅ 200 /monitor.html
✅ 200 /goksites.html
✅ 200 /inkomsten.html
✅ 200 /gok-games-apps.html

======================================
Controle: 2026-07-27 19:31:01
======================================
✅ 200 /
✅ 200 /monitor.html
✅ 200 /goksites.html
✅ 200 /inkomsten.html
✅ 200 /gok-games-apps.html

======================================
Controle: 2026-07-27 19:32:01
======================================
✅ 200 /
✅ 200 /monitor.html
✅ 200 /goksites.html
✅ 200 /inkomsten.html
✅ 200 /gok-games-apps.html

======================================
Controle: 2026-07-27 19:33:01
======================================
✅ 200 /
✅ 200 /monitor.html
✅ 200 /goksites.html
✅ 200 /inkomsten.html
✅ 200 /gok-games-apps.html

======================================
Controle: 2026-07-27 19:34:02
======================================
✅ 200 /
✅ 200 /monitor.html
✅ 200 /goksites.html
✅ 200 /inkomsten.html
✅ 200 /gok-games-apps.html

======================================
Controle: 2026-07-27 19:35:02
======================================
✅ 200 /
✅ 200 /monitor.html
✅ 200 /goksites.html
✅ 200 /inkomsten.html
✅ 200 /gok-games-apps.html

======================================
Controle: 2026-07-27 19:36:02
======================================
✅ 200 /
✅ 200 /monitor.html
✅ 200 /goksites.html
✅ 200 /inkomsten.html
✅ 200 /gok-games-apps.html

======================================
Controle: 2026-07-27 19:37:03
======================================
✅ 200 /
✅ 200 /monitor.html
✅ 200 /goksites.html
✅ 200 /inkomsten.html
✅ 200 /gok-games-apps.html

======================================
Controle: 2026-07-27 19:38:03
======================================
✅ 200 /
✅ 200 /monitor.html
✅ 200 /goksites.html
✅ 200 /inkomsten.html
✅ 200 /gok-games-apps.html

======================================
Controle: 2026-07-27 19:39:03
======================================
✅ 200 /
✅ 200 /monitor.html
✅ 200 /goksites.html
✅ 200 /inkomsten.html
✅ 200 /gok-games-apps.html

======================================
Controle: 2026-07-27 19:40:04
======================================
✅ 200 /
✅ 200 /monitor.html
✅ 200 /goksites.html
✅ 200 /inkomsten.html
✅ 200 /gok-games-apps.html

======================================
Controle: 2026-07-27 19:41:04
======================================
✅ 200 /
✅ 200 /monitor.html
✅ 200 /goksites.html
✅ 200 /inkomsten.html
✅ 200 /gok-games-apps.html
